{
  "_rawFile": "UU2U2wAAONk/AAAA4jjEmQAAAAAcAQAAREIa6wwAAAAAAAAAAAAAAAAAAAAAAAAAAAAAAAAAAAAAAAAAAAAAAEEAYgByAGEAAAAAAAAAAAAAAAAAAAAAAAAAZAAAAAAAAAAUAAAAAAAAAGQAAAAAAAAAAAAnE8IJAAAAAAAAAAAAAAAAAAAAAAAAAAAAAAAAAAACAAAAAAAAAAAAAAAAAAAAAAAAAAAAAAAAAAAAAABLAGkAcgB6AGkAAAAAAAAAAAAAAAAAAAAAAHgAAAAAAAAQCw8QCw8AYupOAAOBAB4xAAECAAAAAA==",
  "abilityId": 28,
  "abilityName": "Synchronize",
  "abilityNum": 1,
  "ballId": 3,
  "ballName": "Great Ball",
  "baseStatAtk": 20,
  "baseStatDef": 15,
  "baseStatHp": 25,
  "baseStatSpAtk": 105,
  "baseStatSpDef": 55,
  "baseStatSpe": 90,
  "battleMemoryRibbonCount": 0,
  "canDoSecretSuperTraining": false,
  "consoleRegion": "U",
  "contestMemoryRibbonCount": 0,
  "contestStatBeauty": 0,
  "contestStatCool": 0,
  "contestStatCute": 0,
  "contestStatSheen": 0,
  "contestStatSmart": 0,
  "contestStatTough": 0,
  "countryId": 49,
  "countryName": "United States",
  "currentHandlerIsOt": true,
  "decreasedStat": null,
  "dexNo": 63,
  "distributionSuperTrainingFlags": 0,
  "eggDate": 1479168000000,
  "eggLocationId": 60002,
  "eggLocationName": "Nursery helpers",
  "eggMove1Id": 100,
  "eggMove1Name": "Teleport",
  "eggMove2Id": 0,
  "eggMove2Name": null,
  "eggMove3Id": 0,
  "eggMove3Name": null,
  "eggMove4Id": 0,
  "eggMove4Name": null,
  "encounterTypeId": 0,
  "encounterTypeName": null,
  "encryptionConstant": 3683929425,
  "enjoyment": 0,
  "esv": 2709,
  "evAtk": 0,
  "evDef": 0,
  "evHp": 0,
  "evSpAtk": 0,
  "evSpDef": 0,
  "evSpe": 0,
  "exp": 0,
  "expFromPreviousLevel": 0,
  "expToNextLevel": 9,
  "formId": 0,
  "formName": null,
  "fullness": 0,
  "gen": 7,
  "gender": "M",
  "geoLocation1CountryId": 0,
  "geoLocation1CountryName": null,
  "geoLocation1RegionId": 0,
  "geoLocation1RegionName": null,
  "geoLocation2CountryId": 0,
  "geoLocation2CountryName": null,
  "geoLocation2RegionId": 0,
  "geoLocation2RegionName": null,
  "geoLocation3CountryId": 0,
  "geoLocation3CountryName": null,
  "geoLocation3RegionId": 0,
  "geoLocation3RegionName": null,
  "geoLocation4CountryId": 0,
  "geoLocation4CountryName": null,
  "geoLocation4RegionId": 0,
  "geoLocation4RegionName": null,
  "geoLocation5CountryId": 0,
  "geoLocation5CountryName": null,
  "geoLocation5RegionId": 0,
  "geoLocation5RegionName": null,
  "growthRate": "medium-slow",
  "hasBlueCircleMarking": false,
  "hasBlueDiamondMarking": false,
  "hasBlueHeartMarking": false,
  "hasBlueSquareMarking": false,
  "hasPinkSquareMarking": false,
  "hasPinkStarMarking": false,
  "hasPinkTriangleMarking": false,
  "hasBlueStarMarking": false,
  "hasBlueTriangleMarking": false,
  "hasPinkCircleMarking": false,
  "hasPinkDiamondMarking": false,
  "hasPinkHeartMarking": false,
  "heldItemId": 0,
  "heldItemName": null,
  "hiddenPowerPower": 30,
  "hiddenPowerType": "fighting",
  "hyperTrainedAtk": false,
  "hyperTrainedDef": false,
  "hyperTrainedHP": false,
  "hyperTrainedHp": false,
  "hyperTrainedSpAtk": false,
  "hyperTrainedSpDef": false,
  "hyperTrainedSpe": false,
  "idNo": 773666,
  "increasedStat": null,
  "isEgg": false,
  "isFatefulEncounter": false,
  "isNicknamed": false,
  "isShiny": false,
  "ivAtk": 25,
  "ivDef": 4,
  "ivHp": 7,
  "ivSpAtk": 28,
  "ivSpDef": 4,
  "ivSpe": 4,
  "language": "ENG",
  "level": 1,
  "levelMet": 1,
  "medalData": 0,
  "medals": [],
  "metDate": 1479168000000,
  "metLocationId": 78,
  "metLocationName": "Paniola Ranch",
  "move1Id": 100,
  "move1Name": "Teleport",
  "move1Power": null,
  "move1Pp": 20,
  "move1Ppu": 0,
  "move1Type": "psychic",
  "move2Id": 0,
  "move2Name": null,
  "move2Power": null,
  "move2Pp": 0,
  "move2Ppu": 0,
  "move2Type": null,
  "move3Id": 0,
  "move3Name": null,
  "move3Power": null,
  "move3Pp": 0,
  "move3Ppu": 0,
  "move3Type": null,
  "move4Id": 0,
  "move4Name": null,
  "move4Power": null,
  "move4Pp": 0,
  "move4Ppu": 0,
  "move4Type": null,
  "natureId": 12,
  "natureName": "Serious",
  "rawNickname": "Abra\u0000\u0000\u0000\u0000\u0000\u0000\u0000\u0000",
  "nickname": "Abra",
  "rawNotOt": "\u0000\u0000\u0000\u0000\u0000\u0000\u0000\u0000\u0000\u0000\u0000\u0000",
  "notOt": "",
  "notOtAffection": 0,
  "notOtFriendship": 0,
  "notOtGender": "F",
  "notOtMemory": "The Pokémon seems to have a good memory, but it doesn’t seem to be able to remember...",
  "notOtMemoryFeeling": 0,
  "notOtMemoryIntensity": 0,
  "notOtMemoryLine": 0,
  "notOtMemoryTextVar": 0,
  "rawOt": "Kirzi\u0000\u0000\u0000\u0000\u0000\u0000\u0000",
  "ot": "Kirzi",
  "otAffection": 0,
  "otFriendship": 120,
  "otGameId": 30,
  "otGameName": "Sun",
  "otGender": "F",
  "otMemory": "The Pokémon seems to have a good memory, but it doesn’t seem to be able to remember...",
  "otMemoryFeeling": 0,
  "otMemoryIntensity": 0,
  "otMemoryLine": 0,
  "otMemoryTextVar": 0,
  "pid": 3944366660,
  "pokerusDuration": 0,
  "pokerusStrain": 0,
  "regionId": 0,
  "regionName": null,
  "ribbonData": 0,
  "ribbons": [],
  "sid": 39364,
  "speciesName": "Abra",
  "statAtk": 5,
  "statDef": 5,
  "statHp": 11,
  "statSpAtk": 7,
  "statSpDef": 6,
  "statSpe": 6,
  "superTrainingBag": 0,
  "superTrainingHitsRemaining": 0,
  "tid": 14562,
  "tidFull": 2579773666,
  "tsv": 2578,
  "types": [
   "psychic"
  ]
}
