{
  "encryptionConstant": 4029596781,
  "dexNo": 646,
  "heldItemId": 0,
  "idNo": 54478,
  "tid": 54478,
  "tidFull": 2677724366,
  "sid": 40858,
  "exp": 527343,
  "abilityId": 163,
  "abilityNum": 1,
  "superTrainingHitsRemaining": 0,
  "superTrainingBag": 0,
  "pid": 4029596781,
  "natureId": 10,
  "isFatefulEncounter": false,
  "gender": "",
  "formId": 1,
  "evHp": 0,
  "evAtk": 0,
  "evDef": 0,
  "evSpe": 0,
  "evSpAtk": 0,
  "evSpDef": 0,
  "contestStatCool": 0,
  "contestStatBeauty": 0,
  "contestStatCute": 0,
  "contestStatSmart": 0,
  "contestStatTough": 0,
  "contestStatSheen": 0,
  "hasCircleMarking": false,
  "hasTriangleMarking": false,
  "hasSquareMarking": false,
  "hasHeartMarking": false,
  "hasStarMarking": false,
  "hasDiamondMarking": false,
  "pokerusDuration": 0,
  "pokerusStrain": 0,
  "medalData": 0,
  "ribbonData": 0,
  "contestMemoryRibbonCount": 0,
  "battleMemoryRibbonCount": 0,
  "distributionSuperTrainingFlags": 0,
  "nickname": "Kyurem",
  "move1Id": 554,
  "move2Id": 406,
  "move3Id": 286,
  "move4Id": 283,
  "move1Pp": 5,
  "move2Pp": 10,
  "move3Pp": 10,
  "move4Pp": 5,
  "move1Ppu": 0,
  "move2Ppu": 0,
  "move3Ppu": 0,
  "move4Ppu": 0,
  "eggMove1Id": 0,
  "eggMove2Id": 0,
  "eggMove3Id": 0,
  "eggMove4Id": 0,
  "canDoSecretSuperTraining": false,
  "ivHp": 30,
  "ivAtk": 22,
  "ivDef": 31,
  "ivSpe": 31,
  "ivSpAtk": 31,
  "ivSpDef": 31,
  "isEgg": false,
  "isNicknamed": false,
  "notOt": "Raia",
  "notOtGender": "F",
  "currentHandlerIsOt": false,
  "geoLocation1CountryId": 1,
  "geoLocation1RegionId": 4,
  "geoLocation2CountryId": 1,
  "geoLocation2RegionId": 4,
  "geoLocation3CountryId": 1,
  "geoLocation3RegionId": 0,
  "geoLocation4CountryId": 49,
  "geoLocation4RegionId": 0,
  "geoLocation5CountryId": 0,
  "geoLocation5RegionId": 0,
  "notOtFriendship": 2,
  "notOtAffection": 0,
  "notOtMemoryIntensity": 1,
  "notOtMemoryLine": 4,
  "notOtMemoryFeeling": 4,
  "notOtMemoryTextVar": 0,
  "fullness": 0,
  "enjoyment": 0,
  "ot": "Raia",
  "otFriendship": 0,
  "otAffection": 0,
  "otMemoryIntensity": 0,
  "otMemoryLine": 0,
  "otMemoryTextVar": 0,
  "otMemoryFeeling": 0,
  "eggDate": null,
  "metDate": 1338249600000,
  "eggLocationId": 0,
  "metLocationId": 61,
  "ballId": 1,
  "levelMet": 75,
  "otGender": "F",
  "encounterTypeId": 0,
  "otGameId": 21,
  "countryId": 49,
  "regionId": 0,
  "consoleRegion": "U",
  "language": "ENG",
  "gen": 6,
  "_rawFile": "bcQu8AAABsCGAgAAztSan+8LCACjAQAAbcQu8AoMAAAAAAAAAAAAAAAAAAAAAAAAAAAAAAAAAAAAAAAAAAAAAEsAeQB1AHIAZQBtAAAAAAAAAAAAAAAAAAAAKgKWAR4BGwEFCgoFAAAAAAAAAAAAAAAAAADe/v8/UgBhAGkAYQAAAAAAAAAAAAAAAAAAAAAAAAABAQQBBAEAAQAxAAAAAAAAAgABBAQAAAAAAAAAAABSAGEAaQBhAAAAcwBhAAAAAAAAAAAAAAAAAAAAAAAAAAAAAAAMBR0AAAA9AAHLABUxAAECAAAAAAAAAABLAAAAJwEnAbQAowC7ABsBsgAAAAAAAAA="
}
