{
  "encryptionConstant": 2656054613,
  "dexNo": 279,
  "heldItemId": 0,
  "idNo": 6396,
  "tid": 6396,
  "tidFull": 2309757180,
  "sid": 35244,
  "exp": 14319,
  "abilityId": 51,
  "abilityNum": 1,
  "superTrainingHitsRemaining": 0,
  "superTrainingBag": 0,
  "pid": 1677513982,
  "natureId": 15,
  "isFatefulEncounter": false,
  "gender": "M",
  "formId": 0,
  "evHp": 0,
  "evAtk": 0,
  "evDef": 4,
  "evSpe": 0,
  "evSpAtk": 0,
  "evSpDef": 0,
  "contestStatCool": 0,
  "contestStatBeauty": 0,
  "contestStatCute": 0,
  "contestStatSmart": 0,
  "contestStatTough": 0,
  "contestStatSheen": 0,
  "hasCircleMarking": false,
  "hasTriangleMarking": false,
  "hasSquareMarking": false,
  "hasHeartMarking": false,
  "hasStarMarking": false,
  "hasDiamondMarking": false,
  "pokerusDuration": 0,
  "pokerusStrain": 0,
  "medalData": 0,
  "ribbonData": [
    0,
    0
  ],
  "contestMemoryRibbonCount": 0,
  "battleMemoryRibbonCount": 0,
  "distributionSuperTrainingFlags": 0,
  "nickname": "not-aardvark",
  "move1Id": 97,
  "move2Id": 352,
  "move3Id": 371,
  "move4Id": 355,
  "move1Pp": 30,
  "move2Pp": 20,
  "move3Pp": 10,
  "move4Pp": 10,
  "move1Ppu": 0,
  "move2Ppu": 0,
  "move3Ppu": 0,
  "move4Ppu": 0,
  "eggMove1Id": 97,
  "eggMove2Id": 0,
  "eggMove3Id": 0,
  "eggMove4Id": 0,
  "canDoSecretSuperTraining": false,
  "ivHp": 31,
  "ivAtk": 31,
  "ivDef": 29,
  "ivSpe": 18,
  "ivSpAtk": 12,
  "ivSpDef": 31,
  "isEgg": false,
  "isNicknamed": true,
  "notOt": "",
  "notOtGender": "M",
  "currentHandlerIsOt": true,
  "geoLocation1CountryId": 0,
  "geoLocation1RegionId": 0,
  "geoLocation2CountryId": 0,
  "geoLocation2RegionId": 0,
  "geoLocation3CountryId": 0,
  "geoLocation3RegionId": 0,
  "geoLocation4CountryId": 0,
  "geoLocation4RegionId": 0,
  "geoLocation5CountryId": 0,
  "geoLocation5RegionId": 0,
  "notOtFriendship": 0,
  "notOtAffection": 0,
  "notOtMemoryIntensity": 0,
  "notOtMemoryLine": 0,
  "notOtMemoryFeeling": 0,
  "notOtMemoryTextVar": 0,
  "fullness": 0,
  "enjoyment": 255,
  "ot": "Teddy",
  "otFriendship": 70,
  "otAffection": 0,
  "otMemoryIntensity": 1,
  "otMemoryLine": 1,
  "otMemoryTextVar": 43,
  "otMemoryFeeling": 3,
  "eggDate": null,
  "metDate": 1442275200000,
  "eggLocationId": 0,
  "metLocationId": 238,
  "ballId": 15,
  "levelMet": 24,
  "otGender": "M",
  "encounterTypeId": 0,
  "otGameId": 27,
  "countryId": 49,
  "regionId": 36,
  "consoleRegion": "U",
  "language": "ENG",
  "gen": 6,
  "_rawFile": "VS1QngAAXNoXAQAA/Bisie83AAAzAQAA/tT8Yw8AAAAEAAAAAAAAAAAAAAAAAAAAAAAAAAAAAAAAAAAAAAAAAG4AbwB0AC0AYQBhAHIAZAB2AGEAcgBrAAAAYQBgAXMBYwEeFAoKAAAAAGEAAAAAAAAAAAD/d8m+AAAAAAAAAAAAAAAAAAAAAAAAAAAAAAAAAAAAAAAAAAAAAAAAAAAAAAAAAAAAAAAAAAAAAAAAAP9UAGUAZABkAHkAAAAAAAAAAAAAAAAAAAAAAEYAAQErAAMAAAAPCQ8AAADuAA8YABsxJAECAAAAAA=="
}
